// Code generated by ObjectBox; DO NOT EDIT.

#include "schema-cpp.obx.h"

void Typeful_::toFlatBuffer(flatbuffers::FlatBufferBuilder& fbb, const Typeful& object) {
    fbb.Clear();
    auto offsetstring = fbb.CreateString(object.string);
    auto offsetstringvector = fbb.CreateVectorOfStrings(object.stringvector);
    auto offsetbytevector = fbb.CreateVector(object.bytevector);
    auto offsetubytevector = fbb.CreateVector(object.ubytevector);
    flatbuffers::uoffset_t fbStart = fbb.StartTable();
    fbb.TrackField(4, fbb.PushElement<uint64_t>(object.id));
    fbb.TrackField(6, fbb.PushElement<int32_t>(object.int_));
    fbb.TrackField(8, fbb.PushElement<int8_t>(object.int8));
    fbb.TrackField(10, fbb.PushElement<int16_t>(object.int16));
    fbb.TrackField(12, fbb.PushElement<int32_t>(object.int32));
    fbb.TrackField(14, fbb.PushElement<int64_t>(object.int64));
    fbb.TrackField(16, fbb.PushElement<uint32_t>(object.uint));
    fbb.TrackField(18, fbb.PushElement<uint8_t>(object.uint8));
    fbb.TrackField(20, fbb.PushElement<uint16_t>(object.uint16));
    fbb.TrackField(22, fbb.PushElement<uint32_t>(object.uint32));
    fbb.TrackField(24, fbb.PushElement<uint64_t>(object.uint64));
    fbb.TrackField(26, fbb.PushElement<uint8_t>(object.bool_ ? 1 : 0));
    fbb.AddOffset(28, offsetstring);
    fbb.AddOffset(30, offsetstringvector);
    fbb.TrackField(32, fbb.PushElement<int8_t>(object.byte));
    fbb.TrackField(34, fbb.PushElement<uint8_t>(object.ubyte));
    fbb.AddOffset(36, offsetbytevector);
    fbb.AddOffset(38, offsetubytevector);
    fbb.TrackField(40, fbb.PushElement<float>(object.float32));
    fbb.TrackField(42, fbb.PushElement<double>(object.float64));
    fbb.TrackField(44, fbb.PushElement<float>(object.float_));
    fbb.TrackField(46, fbb.PushElement<double>(object.double_));
    fbb.TrackField(48, fbb.PushElement<uint64_t>(object.relId));
    flatbuffers::Offset<flatbuffers::Table> offset;
    offset.o = fbb.EndTable(fbStart);
    fbb.Finish(offset);
}

Typeful Typeful_::fromFlatBuffer(const void* data, size_t size) {
    Typeful object;
    fromFlatBuffer(data, size, object);
    return object;
}

std::unique_ptr<Typeful> Typeful_::newFromFlatBuffer(const void* data, size_t size) {
    auto object = std::unique_ptr<Typeful>(new Typeful());
    fromFlatBuffer(data, size, *object);
    return object;
}

void Typeful_::fromFlatBuffer(const void* data, size_t size, Typeful& outObject) {
    const auto* table = flatbuffers::GetRoot<flatbuffers::Table>(data);
    assert(table);
    outObject.id = table->GetField<uint64_t>(4, 0);
    outObject.int_ = table->GetField<int32_t>(6, 0);
    outObject.int8 = table->GetField<int8_t>(8, 0);
    outObject.int16 = table->GetField<int16_t>(10, 0);
    outObject.int32 = table->GetField<int32_t>(12, 0);
    outObject.int64 = table->GetField<int64_t>(14, 0);
    outObject.uint = table->GetField<uint32_t>(16, 0);
    outObject.uint8 = table->GetField<uint8_t>(18, 0);
    outObject.uint16 = table->GetField<uint16_t>(20, 0);
    outObject.uint32 = table->GetField<uint32_t>(22, 0);
    outObject.uint64 = table->GetField<uint64_t>(24, 0);
    outObject.bool_ = table->GetField<uint8_t>(26, 0) != 0;
    {
        auto* ptr = table->GetPointer<const flatbuffers::String*>(28);
        if (ptr) outObject.string.assign(ptr->c_str());
    }
    {
        auto* ptr = table->GetPointer<const flatbuffers::Vector<flatbuffers::Offset<flatbuffers::String>>*>(30);
        if (ptr) {
            outObject.stringvector.reserve(ptr->size());
            for (size_t i = 0; i < ptr->size(); i++) {
                auto* itemPtr = ptr->Get(i);
                if (itemPtr) outObject.stringvector.emplace_back(itemPtr->c_str());
            }
        }
    }
    outObject.byte = table->GetField<int8_t>(32, 0);
    outObject.ubyte = table->GetField<uint8_t>(34, 0);
    {
        auto* ptr = table->GetPointer<const flatbuffers::Vector<int8_t>*>(36);
        if (ptr) outObject.bytevector.assign(ptr->begin(), ptr->end());
    }
    {
        auto* ptr = table->GetPointer<const flatbuffers::Vector<uint8_t>*>(38);
        if (ptr) outObject.ubytevector.assign(ptr->begin(), ptr->end());
    }
    outObject.float32 = table->GetField<float>(40, 0.0f);
    outObject.float64 = table->GetField<double>(42, 0.0);
    outObject.float_ = table->GetField<float>(44, 0.0f);
    outObject.double_ = table->GetField<double>(46, 0.0);
    outObject.relId = table->GetField<uint64_t>(48, 0);
    
}

void ns::Annotated_::toFlatBuffer(flatbuffers::FlatBufferBuilder& fbb, const ns::Annotated& object) {
    fbb.Clear();
    auto offsetfullName = fbb.CreateString(object.fullName);
    flatbuffers::uoffset_t fbStart = fbb.StartTable();
    fbb.TrackField(4, fbb.PushElement<uint64_t>(object.identifier));
    fbb.AddOffset(6, offsetfullName);
    fbb.TrackField(8, fbb.PushElement<int64_t>(object.time));
    fbb.TrackField(10, fbb.PushElement<uint64_t>(object.relId));
    flatbuffers::Offset<flatbuffers::Table> offset;
    offset.o = fbb.EndTable(fbStart);
    fbb.Finish(offset);
}

ns::Annotated ns::Annotated_::fromFlatBuffer(const void* data, size_t size) {
    ns::Annotated object;
    fromFlatBuffer(data, size, object);
    return object;
}

std::unique_ptr<ns::Annotated> ns::Annotated_::newFromFlatBuffer(const void* data, size_t size) {
    auto object = std::unique_ptr<ns::Annotated>(new ns::Annotated());
    fromFlatBuffer(data, size, *object);
    return object;
}

void ns::Annotated_::fromFlatBuffer(const void* data, size_t size, ns::Annotated& outObject) {
    const auto* table = flatbuffers::GetRoot<flatbuffers::Table>(data);
    assert(table);
    outObject.identifier = table->GetField<uint64_t>(4, 0);
    {
        auto* ptr = table->GetPointer<const flatbuffers::String*>(6);
        if (ptr) outObject.fullName.assign(ptr->c_str());
    }
    outObject.time = table->GetField<int64_t>(8, 0);
    outObject.relId = table->GetField<uint64_t>(10, 0);
    
}

void ns::TSDate_::toFlatBuffer(flatbuffers::FlatBufferBuilder& fbb, const ns::TSDate& object) {
    fbb.Clear();
    flatbuffers::uoffset_t fbStart = fbb.StartTable();
    fbb.TrackField(4, fbb.PushElement<uint64_t>(object.id));
    fbb.TrackField(6, fbb.PushElement<int64_t>(object.timestamp));
    flatbuffers::Offset<flatbuffers::Table> offset;
    offset.o = fbb.EndTable(fbStart);
    fbb.Finish(offset);
}

ns::TSDate ns::TSDate_::fromFlatBuffer(const void* data, size_t size) {
    ns::TSDate object;
    fromFlatBuffer(data, size, object);
    return object;
}

std::unique_ptr<ns::TSDate> ns::TSDate_::newFromFlatBuffer(const void* data, size_t size) {
    auto object = std::unique_ptr<ns::TSDate>(new ns::TSDate());
    fromFlatBuffer(data, size, *object);
    return object;
}

void ns::TSDate_::fromFlatBuffer(const void* data, size_t size, ns::TSDate& outObject) {
    const auto* table = flatbuffers::GetRoot<flatbuffers::Table>(data);
    assert(table);
    outObject.id = table->GetField<uint64_t>(4, 0);
    outObject.timestamp = table->GetField<int64_t>(6, 0);
    
}

void ns::TSDateNano_::toFlatBuffer(flatbuffers::FlatBufferBuilder& fbb, const ns::TSDateNano& object) {
    fbb.Clear();
    flatbuffers::uoffset_t fbStart = fbb.StartTable();
    fbb.TrackField(4, fbb.PushElement<uint64_t>(object.id));
    fbb.TrackField(6, fbb.PushElement<int64_t>(object.timestamp));
    flatbuffers::Offset<flatbuffers::Table> offset;
    offset.o = fbb.EndTable(fbStart);
    fbb.Finish(offset);
}

ns::TSDateNano ns::TSDateNano_::fromFlatBuffer(const void* data, size_t size) {
    ns::TSDateNano object;
    fromFlatBuffer(data, size, object);
    return object;
}

std::unique_ptr<ns::TSDateNano> ns::TSDateNano_::newFromFlatBuffer(const void* data, size_t size) {
    auto object = std::unique_ptr<ns::TSDateNano>(new ns::TSDateNano());
    fromFlatBuffer(data, size, *object);
    return object;
}

void ns::TSDateNano_::fromFlatBuffer(const void* data, size_t size, ns::TSDateNano& outObject) {
    const auto* table = flatbuffers::GetRoot<flatbuffers::Table>(data);
    assert(table);
    outObject.id = table->GetField<uint64_t>(4, 0);
    outObject.timestamp = table->GetField<int64_t>(6, 0);
    
}

