
# github.com/objectbox/objectbox-generator/test/generator/testdata/rename-property
./objectbox-model.go:16:24: undefined: CBinding

exit status 2