{
  "_note1": "KEEP THIS FILE! Check it into a version control system (VCS) like git.",
  "_note2": "ObjectBox manages crucial IDs for your object model. See docs for details.",
  "_note3": "If you have VCS merge conflicts, you must resolve them according to ObjectBox docs.",
  "entities": [
    {
      "id": "1:8717895732742165505",
      "lastPropertyId": "2:501233450539197794",
      "name": "Other",
      "properties": [
        {
          "id": "1:6050128673802995827",
          "name": "id",
          "type": 6,
          "flags": 1
        },
        {
          "id": "2:501233450539197794",
          "name": "value",
          "type": 5
        }
      ]
    },
    {
      "id": "2:2259404117704393152",
      "lastPropertyId": "2:2669985732393126063",
      "name": "Another",
      "properties": [
        {
          "id": "1:3390393562759376202",
          "name": "id",
          "type": 6,
          "flags": 1
        },
        {
          "id": "2:2669985732393126063",
          "name": "value",
          "type": 5
        }
      ]
    },
    {
      "id": "3:1774932891286980153",
      "lastPropertyId": "4:2518412263346885298",
      "name": "AnnotatedEntity",
      "properties": [
        {
          "id": "1:1543572285742637646",
          "name": "identifier",
          "type": 6,
          "flags": 1
        },
        {
          "id": "2:2661732831099943416",
          "name": "name",
          "indexId": "1:8325060299420976708",
          "type": 9,
          "flags": 2048
        },
        {
          "id": "3:7837839688282259259",
          "name": "time",
          "type": 10
        },
        {
          "id": "4:2518412263346885298",
          "name": "relId",
          "indexId": "2:5617773211005988520",
          "type": 11,
          "flags": 8712,
          "relationTarget": "Typeful"
        }
      ],
      "relations": [
        {
          "id": "1:2339563716805116249",
          "name": "typefuls",
          "targetId": "5:8274930044578894929"
        },
        {
          "id": "2:7144924247938981575",
          "name": "m2m",
          "targetId": "5:8274930044578894929"
        }
      ]
    },
    {
      "id": "4:6044372234677422456",
      "lastPropertyId": "1:161231572858529631",
      "name": "Simple",
      "properties": [
        {
          "id": "1:161231572858529631",
          "name": "id",
          "type": 6,
          "flags": 1
        }
      ],
      "relations": [
        {
          "id": "3:7259475919510918339",
          "name": "many",
          "targetId": "5:8274930044578894929"
        }
      ]
    },
    {
      "id": "5:8274930044578894929",
      "lastPropertyId": "22:4778690082005258714",
      "name": "Typeful",
      "properties": [
        {
          "id": "1:7373105480197164748",
          "name": "id",
          "type": 6,
          "flags": 1
        },
        {
          "id": "2:3287288577352441706",
          "name": "int",
          "type": 5
        },
        {
          "id": "3:3930927879439176946",
          "name": "int8",
          "type": 2
        },
        {
          "id": "4:4706154865122290029",
          "name": "int16",
          "type": 3
        },
        {
          "id": "5:2217592893536642650",
          "name": "int32",
          "type": 5
        },
        {
          "id": "6:1929546706668609706",
          "name": "int64",
          "type": 6
        },
        {
          "id": "7:6392442863481646880",
          "name": "uint",
          "type": 5,
          "flags": 8192
        },
        {
          "id": "8:3706853784096366226",
          "name": "uint8",
          "type": 2,
          "flags": 8192
        },
        {
          "id": "9:2627038740284806767",
          "name": "uint16",
          "type": 3,
          "flags": 8192
        },
        {
          "id": "10:6303220950515014660",
          "name": "uint32",
          "type": 5,
          "flags": 8192
        },
        {
          "id": "11:4035568504096476779",
          "name": "uint64",
          "type": 6,
          "flags": 8192
        },
        {
          "id": "12:959367522974354090",
          "name": "bool",
          "type": 1
        },
        {
          "id": "13:2914295034816259174",
          "name": "string",
          "type": 9
        },
        {
          "id": "14:1395437218309923052",
          "name": "stringvector",
          "type": 30
        },
        {
          "id": "15:6745438398739480977",
          "name": "byte",
          "type": 2
        },
        {
          "id": "16:2897681629866238117",
          "name": "ubyte",
          "type": 2,
          "flags": 8192
        },
        {
          "id": "17:3398579248012586914",
          "name": "bytevector",
          "type": 23
        },
        {
          "id": "18:5974317550424871033",
          "name": "ubytevector",
          "type": 23
        },
        {
          "id": "19:3317123977833389635",
          "name": "float32",
          "type": 7
        },
        {
          "id": "20:5001958211167890979",
          "name": "float64",
          "type": 8
        },
        {
          "id": "21:167566062957544642",
          "name": "float",
          "type": 7
        },
        {
          "id": "22:4778690082005258714",
          "name": "double",
          "type": 8
        }
      ]
    }
  ],
  "lastEntityId": "5:8274930044578894929",
  "lastIndexId": "2:5617773211005988520",
  "lastRelationId": "3:7259475919510918339",
  "modelVersion": 5,
  "modelVersionParserMinimum": 5,
  "retiredEntityUids": [],
  "retiredIndexUids": [],
  "retiredPropertyUids": [],
  "retiredRelationUids": [],
  "version": 1
}