// Code generated by ObjectBox; DO NOT EDIT.

package object

import (
	"github.com/objectbox/objectbox-go/objectbox"
)

// ObjectBoxModel declares and builds the model from all the entities in the package.
// It is usually used when setting-up ObjectBox as an argument to the Builder.Model() function.
func ObjectBoxModel() *objectbox.Model {
	model := objectbox.NewModel()
	model.GeneratorVersion(6)

	model.RegisterBinding(TaskBinding)
	model.RegisterBinding(GroupBinding)
	model.RegisterBinding(TaskByValueBinding)
	model.RegisterBinding(TaskStringByValueBinding)
	model.RegisterBinding(TaskIndexedBinding)
	model.LastEntityId(5, 7144924247938981575)
	model.LastIndexId(12, 3317123977833389635)

	return model
}
