{
  "_note1": "KEEP THIS FILE! Check it into a version control system (VCS) like git.",
  "_note2": "ObjectBox manages crucial IDs for your object model. See docs for details.",
  "_note3": "If you have VCS merge conflicts, you must resolve them according to ObjectBox docs.",
  "entities": [
    {
      "id": "1:8717895732742165505",
      "lastPropertyId": "2:501233450539197794",
      "name": "SyncedEntity",
      "flags": 2,
      "properties": [
        {
          "id": "1:6050128673802995827",
          "name": "Id",
          "type": 6,
          "flags": 1
        },
        {
          "id": "2:501233450539197794",
          "name": "PropertyRel",
          "indexId": "1:3390393562759376202",
          "type": 11,
          "flags": 8712,
          "relationTarget": "SyncedRelTarget"
        }
      ],
      "relations": [
        {
          "id": "1:2669985732393126063",
          "name": "StandaloneRel",
          "targetId": "2:2259404117704393152"
        }
      ]
    },
    {
      "id": "2:2259404117704393152",
      "lastPropertyId": "1:1774932891286980153",
      "name": "SyncedRelTarget",
      "flags": 2,
      "properties": [
        {
          "id": "1:1774932891286980153",
          "name": "Id",
          "type": 6,
          "flags": 1
        }
      ]
    }
  ],
  "lastEntityId": "2:2259404117704393152",
  "lastIndexId": "1:3390393562759376202",
  "lastRelationId": "1:2669985732393126063",
  "modelVersion": 5,
  "modelVersionParserMinimum": 5,
  "retiredEntityUids": [],
  "retiredIndexUids": [],
  "retiredPropertyUids": [],
  "retiredRelationUids": [],
  "version": 1
}