// Code generated by ObjectBox; DO NOT EDIT.

#pragma once

#include <stdbool.h>
#include <stdint.h>

#include "flatbuffers/flatbuffers.h"
#include "objectbox.h"

struct ChangeUid_;

struct ChangeUid {
    using _OBX_MetaInfo = ChangeUid_;
    
    uint64_t Id;
    std::string Value;
};

struct ChangeUid_ {
    static const obx_schema_id Id = 1;
    static const obx_schema_id Value = 2;

    static constexpr obx_schema_id entityId() { return 1; }

    static void setObjectId(ChangeUid& object, obx_id newId) { object.Id = newId; }

    /// Write given object to the FlatBufferBuilder
    static void toFlatBuffer(flatbuffers::FlatBufferBuilder& fbb, const ChangeUid& object);

    /// Read an object from a valid FlatBuffer
    static ChangeUid fromFlatBuffer(const void* data, size_t size);

    /// Read an object from a valid FlatBuffer
    static std::unique_ptr<ChangeUid> newFromFlatBuffer(const void* data, size_t size);

    /// Read an object from a valid FlatBuffer
    static void fromFlatBuffer(const void* data, size_t size, ChangeUid& outObject);
};

inline void ChangeUid_::toFlatBuffer(flatbuffers::FlatBufferBuilder& fbb, const ChangeUid& object) {
    fbb.Clear();
    auto offsetValue = fbb.CreateString(object.Value);
    flatbuffers::uoffset_t fbStart = fbb.StartTable();
    fbb.TrackField(4, fbb.PushElement<uint64_t>(object.Id));
    fbb.AddOffset(6, offsetValue);
    flatbuffers::Offset<flatbuffers::Table> offset;
    offset.o = fbb.EndTable(fbStart);
    fbb.Finish(offset);
}

inline ChangeUid ChangeUid_::fromFlatBuffer(const void* data, size_t size) {
    ChangeUid object;
    fromFlatBuffer(data, size, object);
    return object;
}

inline std::unique_ptr<ChangeUid> ChangeUid_::newFromFlatBuffer(const void* data, size_t size) {
    auto object = std::unique_ptr<ChangeUid>(new ChangeUid());
    fromFlatBuffer(data, size, *object);
    return object;
}

inline void ChangeUid_::fromFlatBuffer(const void* data, size_t size, ChangeUid& outObject) {
    const auto* table = flatbuffers::GetRoot<flatbuffers::Table>(data);
    assert(table);
    outObject.Id = table->GetField<uint64_t>(4, 0);
    {
        auto* ptr = table->GetPointer<const flatbuffers::String*>(6);
        if (ptr) outObject.Value.assign(ptr->c_str());
    }
    
}

